<?xml version="1.0" encoding="utf-8"?><testsuites name="pytest tests"><testsuite name="pytest" errors="0" failures="0" skipped="0" tests="3" time="0.020" timestamp="2025-09-01T10:01:07.849138-07:00" hostname="Nates-MacBook-Pro-2383.local"><testcase classname="tests.unit_tests" name="test_add" time="0.001" /><testcase classname="tests.unit_tests" name="test_is_even" time="0.000" /><testcase classname="tests.unit_tests" name="test_divide" time="0.001" /></testsuite></testsuites>